gcc -g p1original.c
 gdb a.out
GNU gdb (Ubuntu 8.1.1-0ubuntu1) 8.1.1
Copyright (C) 2018 Free Software Foundation, Inc.
License GPLv3+: GNU GPL version 3 or later <http://gnu.org/licenses/gpl.html>
This is free software: you are free to change and redistribute it.
There is NO WARRANTY, to the extent permitted by law.  Type "show copying"
and "show warranty" for details.
This GDB was configured as "x86_64-linux-gnu".
Type "show configuration" for configuration details.
For bug reporting instructions, please see:
<http://www.gnu.org/software/gdb/bugs/>.
Find the GDB manual and other documentation resources online at:
<http://www.gnu.org/software/gdb/documentation/>.
For help, type "help".
Type "apropos word" to search for commands related to "word"...
Reading symbols from a.out...done.
(gdb) b main
Breakpoint 1 at 0x7fc: file p1original.c, line 16.
(gdb) r
Starting program: /home/runner/pps-IA1-practice/a.out 
warning: Error disabling address space randomization: Operation not permitted

Breakpoint 1, main () at p1original.c:16
16  {
(gdb) n
18    input(&a,&b);
(gdb) s
input (a=0x7ffdc6fa4a3c, b=0x7ffdc6fa4a40) at p1original.c:4
4     printf("enter two numbers\n");
(gdb) n
enter two numbers
5     scanf("%d%d",a,b);
(gdb) n
6
9
6   }
(gdb) n
main () at p1original.c:19
19    add(a,b,&sum);
(gdb) s
add (a=6, b=9, sum=0x7ffdc6fa4a44) at p1original.c:9
9     *sum=a+b;
(gdb) n
10  }
(gdb) n
main () at p1original.c:20
20    output(a,b,sum);
(gdb) s
output (a=6, b=9, sum=15) at p1original.c:13
13    printf("addition of %d+%d=%d\n",a,b,sum);
(gdb) p a
$1 = 6
(gdb) p b
$2 = 9
(gdb) p sum
$3 = 15
(gdb) n
addition of 6+9=15
14  }
(gdb) n
main () at p1original.c:21
21    return 0;
(gdb) n
22  }(gdb) c
Continuing.
[Inferior 1 (process 147) exited normally]
(gdb) 



gcc -g p1final.c
 gdb a.out
GNU gdb (Ubuntu 8.1.1-0ubuntu1) 8.1.1
Copyright (C) 2018 Free Software Foundation, Inc.
License GPLv3+: GNU GPL version 3 or later <http://gnu.org/licenses/gpl.html>
This is free software: you are free to change and redistribute it.
There is NO WARRANTY, to the extent permitted by law.  Type "show copying"
and "show warranty" for details.
This GDB was configured as "x86_64-linux-gnu".
Type "show configuration" for configuration details.
For bug reporting instructions, please see:
<http://www.gnu.org/software/gdb/bugs/>.
Find the GDB manual and other documentation resources online at:
<http://www.gnu.org/software/gdb/documentation/>.
For help, type "help".
Type "apropos word" to search for commands related to "word"...
Reading symbols from a.out...done.
(gdb) b main
Breakpoint 1 at 0x7fc: file p1final.c, line 16.
(gdb) r
Starting program: /home/runner/pps-IA1-practice/a.out 
warning: Error disabling address space randomization: Operation not permitted

Breakpoint 1, main () at p1final.c:16
16  {
(gdb) n
18    input(&a,&b);
(gdb) s
input (a=0x7ffd880d794c, b=0x7ffd880d7950) at p1final.c:4
4     printf("enter two numbers\n");
(gdb) n
enter two numbers
5     scanf("%d%d",a,b);
(gdb) n
6
9
6   }
(gdb) n
main () at p1final.c:19
19    add(a,b,&sum);
(gdb) s
add (a=6, b=9, sum=0x7ffd880d7954) at p1final.c:9
9     *sum=a+b;
(gdb) n
10  }
(gdb) p a
$1 = 6
(gdb) p b
$2 = 9
(gdb) p sum
$3 = (int *) 0x7ffd880d7954
(gdb) n
main () at p1final.c:20
20    output(a,b,sum);
(gdb) s
output (a=6, b=9, sum=15) at p1final.c:13
13    printf("%d+%d is %d\n",a,b,sum);
(gdb) p sum
$4 = 15
(gdb) n
6+9 is 15
14  }
(gdb) n
main () at p1final.c:21
21    return 0;
(gdb) n
22  }
(gdb) c
Continuing.
[Inferior 1 (process 441) exited normally]
(gdb) 